{
  "accuracy": 0.788,
  "precision": 0.7891699232707152,
  "recall": 0.788,
  "f1": 0.788445403837511,
  "macro_precision": 0.7891699232707152,
  "macro_recall": 0.7879999999999999,
  "macro_f1": 0.7884454038375112,
  "weighted_precision": 0.7891699232707152,
  "weighted_recall": 0.788,
  "weighted_f1": 0.788445403837511,
  "per_class": {
    "0": {
      "precision": 0.8910585817060637,
      "recall": 0.867,
      "f1-score": 0.87886467308667,
      "support": 1000.0
    },
    "1": {
      "precision": 0.7245206861755802,
      "recall": 0.718,
      "f1-score": 0.7212456052235058,
      "support": 1000.0
    },
    "2": {
      "precision": 0.7519305019305019,
      "recall": 0.779,
      "f1-score": 0.7652259332023575,
      "support": 1000.0
    },
    "accuracy": 0.788,
    "macro avg": {
      "precision": 0.7891699232707152,
      "recall": 0.7879999999999999,
      "f1-score": 0.7884454038375112,
      "support": 3000.0
    },
    "weighted avg": {
      "precision": 0.7891699232707152,
      "recall": 0.788,
      "f1-score": 0.788445403837511,
      "support": 3000.0
    }
  },
  "confusion_matrix": [
    [
      867,
      90,
      43
    ],
    [
      68,
      718,
      214
    ],
    [
      38,
      183,
      779
    ]
  ],
  "roc_auc_ovr_macro": 0.9264555,
  "pr_auc_macro": 0.8683034616885985
}
